// Jest Snapshot v1, https://goo.gl/fbAQLP

exports[`csf-component No import 1`] = `
Object {
  "components": Object {},
  "kinds": Object {},
  "stories": Object {},
}
`;

exports[`csf-component default alias import 1`] = `
Object {
  "components": Object {},
  "kinds": Object {},
  "stories": Object {},
}
`;

exports[`csf-component default import 1`] = `
Object {
  "components": Object {},
  "kinds": Object {},
  "stories": Object {},
}
`;

exports[`csf-component named alias import 1`] = `
Object {
  "components": Object {},
  "kinds": Object {},
  "stories": Object {},
}
`;

exports[`csf-component named import 1`] = `
Object {
  "components": Object {},
  "kinds": Object {},
  "stories": Object {},
}
`;

exports[`csf-component parameters component 1`] = `
Object {
  "components": Object {},
  "kinds": Object {},
  "stories": Object {},
}
`;

exports[`csf-component story import 1`] = `
Object {
  "components": Object {},
  "kinds": Object {},
  "stories": Object {
    "story": Object {
      "arguments": Array [],
      "loc": Object {
        "end": Object {
          "column": 37,
          "line": 6,
        },
        "start": Object {
          "column": 21,
          "line": 6,
        },
      },
      "name": "story",
      "parameters": Array [
        Object {
          "loc": Object {
            "end": Object {
              "column": 19,
              "line": 8,
            },
            "start": Object {
              "column": 2,
              "line": 8,
            },
          },
          "name": "component",
          "value": "Toggle",
        },
      ],
      "source": "() => <Toggle />",
    },
  },
}
`;
