// Jest Snapshot v1, https://goo.gl/fbAQLP

exports[`imports ../../../ui/blocks/src/Story/Story.tsx 1`] = `
Object {
  "description": "",
  "displayName": "Story",
  "methods": Array [],
  "props": Object {
    "collapsible": Object {
      "description": "if false, will nothave a collapsible frame.",
      "parentName": "BlockContainerProps",
      "type": Object {
        "name": "boolean",
        "raw": "boolean",
      },
    },
    "id": Object {
      "description": "id of the story",
      "parentName": "StoryInputProps",
      "type": Object {
        "name": "string",
        "raw": "string",
      },
    },
    "name": Object {
      "description": "alternatively you can use the name of a story to load from an external file",
      "parentName": "StoryInputProps",
      "type": Object {
        "name": "string",
        "raw": "string",
      },
    },
    "sxStyle": Object {
      "description": "theme-ui styling object for Block Box",
      "parentName": "BlockContainerProps",
      "type": Object {
        "name": "SystemStyleObject",
        "raw": "SystemStyleObject",
      },
    },
    "title": Object {
      "description": "optional section title for the block.",
      "parentName": "BlockContainerProps",
      "type": Object {
        "name": "string",
        "raw": "string",
      },
    },
  },
}
`;
