// Jest Snapshot v1, https://goo.gl/fbAQLP

exports[`require-context exact names 1`] = `
Array [
  Object {
    "directory": "/Users/atanasster/cc/examples/stories/src/stories",
    "regExp": /controls-editors-starter\\.stories\\.tsx/,
    "useSubdirectories": false,
  },
  Object {
    "directory": "/Users/atanasster/cc/examples/stories/src/blogs",
    "regExp": /gatsby-nextjs-storybook\\.mdx/,
    "useSubdirectories": false,
  },
]
`;
