// Jest Snapshot v1, https://goo.gl/fbAQLP

exports[`config-folder config file long option 1`] = `
Array [
  "/Users/atanasster/component-controls/ui/editors/src/ArrayEditor/ArrayEditor.stories.tsx",
  "/Users/atanasster/component-controls/ui/editors/src/BooleanEditor/BooleanEditor.stories.tsx",
  "/Users/atanasster/component-controls/ui/editors/src/ButtonEditor/ButtonEditor.stories.tsx",
  "/Users/atanasster/component-controls/ui/editors/src/ColorEditor/ColorEditor.stories.tsx",
  "/Users/atanasster/component-controls/ui/editors/src/DateEditor/DateEditor.stories.tsx",
  "/Users/atanasster/component-controls/ui/editors/src/FilesEditor/FilesEditor.stories.tsx",
  "/Users/atanasster/component-controls/ui/editors/src/NumberEditor/NumberEditor.stories.tsx",
  "/Users/atanasster/component-controls/ui/editors/src/ObjectEditor/ObjectEditor.stories.tsx",
  "/Users/atanasster/component-controls/ui/editors/src/OptionsEditor/OptionsEditor.stories.tsx",
  "/Users/atanasster/component-controls/ui/editors/src/PropFactory.stories.tsx",
  "/Users/atanasster/component-controls/ui/editors/src/TextEditor/TextEditor.stories.tsx",
  "/Users/atanasster/component-controls/ui/components/src/ActionBar/ActionBar.stories.tsx",
  "/Users/atanasster/component-controls/ui/components/src/ActionContainer/ActionContainer.stories.tsx",
  "/Users/atanasster/component-controls/ui/components/src/BlockContainer/BlockContainer.stories.tsx",
  "/Users/atanasster/component-controls/ui/components/src/Collapsible/Collapsible.stories.tsx",
  "/Users/atanasster/component-controls/ui/components/src/ExternalLink/ExternalLink.stories.tsx",
  "/Users/atanasster/component-controls/ui/components/src/Markdown/Markdown.stories.tsx",
  "/Users/atanasster/component-controls/ui/components/src/PanelContainer/PanelContainer.stories.tsx",
  "/Users/atanasster/component-controls/ui/components/src/Popover/Popover.stories.tsx",
  "/Users/atanasster/component-controls/ui/components/src/Source/Source.stories.tsx",
  "/Users/atanasster/component-controls/ui/components/src/Subtitle/Subtitle.stories.tsx",
  "/Users/atanasster/component-controls/ui/components/src/SyntaxHighlighter/SyntaxHighlighter.stories.tsx",
  "/Users/atanasster/component-controls/ui/components/src/Table/Table.stories.tsx",
  "/Users/atanasster/component-controls/ui/components/src/Tabs/Tabs.stories.tsx",
  "/Users/atanasster/component-controls/ui/components/src/Tag/Tag.stories.tsx",
  "/Users/atanasster/component-controls/ui/components/src/Title/Title.stories.tsx",
  "/Users/atanasster/component-controls/ui/components/src/Toggle/Toggle.stories.tsx",
  "/Users/atanasster/component-controls/ui/components/src/Zoom/Zoom.stories.tsx",
  "/Users/atanasster/component-controls/ui/blocks/src/ComponentDeps/ComponentDeps.stories.tsx",
  "/Users/atanasster/component-controls/ui/blocks/src/ComponentSource/ComponentSource.stories.tsx",
  "/Users/atanasster/component-controls/ui/blocks/src/Description/Description.stories.tsx",
  "/Users/atanasster/component-controls/ui/blocks/src/PageContainer/PageContainer.stories.tsx",
  "/Users/atanasster/component-controls/ui/blocks/src/Playground/Playground.stories.tsx",
  "/Users/atanasster/component-controls/ui/blocks/src/PropsTable/PropsTable.stories.tsx",
  "/Users/atanasster/component-controls/ui/blocks/src/Stories/Stories.stories.tsx",
  "/Users/atanasster/component-controls/ui/blocks/src/Story/Story.stories.tsx",
  "/Users/atanasster/component-controls/ui/blocks/src/StoryConfig/StoryConfig.stories.tsx",
  "/Users/atanasster/component-controls/ui/blocks/src/StorySource/StorySource.stories.tsx",
  "/Users/atanasster/component-controls/ui/blocks/src/Subtitle/Subtitle.stories.tsx",
  "/Users/atanasster/component-controls/ui/blocks/src/Title/Title.stories.tsx",
  "/Users/atanasster/component-controls/examples/stories/src/stories/controls-editors-starter.stories.tsx",
  "/Users/atanasster/component-controls/examples/stories/src/stories/controls-editors.stories.jsx",
  "/Users/atanasster/component-controls/examples/stories/src/stories/inherit-from-doc.stories.tsx",
  "/Users/atanasster/component-controls/examples/stories/src/stories/smart-prop-type.stories.js",
  "/Users/atanasster/component-controls/examples/stories/src/stories/smart-typescript.stories.js",
  "/Users/atanasster/component-controls/examples/stories/src/stories/stories-csf.stories.js",
]
`;

exports[`config-folder config file short option 1`] = `
Array [
  "/Users/atanasster/component-controls/ui/editors/src/ArrayEditor/ArrayEditor.stories.tsx",
  "/Users/atanasster/component-controls/ui/editors/src/BooleanEditor/BooleanEditor.stories.tsx",
  "/Users/atanasster/component-controls/ui/editors/src/ButtonEditor/ButtonEditor.stories.tsx",
  "/Users/atanasster/component-controls/ui/editors/src/ColorEditor/ColorEditor.stories.tsx",
  "/Users/atanasster/component-controls/ui/editors/src/DateEditor/DateEditor.stories.tsx",
  "/Users/atanasster/component-controls/ui/editors/src/FilesEditor/FilesEditor.stories.tsx",
  "/Users/atanasster/component-controls/ui/editors/src/NumberEditor/NumberEditor.stories.tsx",
  "/Users/atanasster/component-controls/ui/editors/src/ObjectEditor/ObjectEditor.stories.tsx",
  "/Users/atanasster/component-controls/ui/editors/src/OptionsEditor/OptionsEditor.stories.tsx",
  "/Users/atanasster/component-controls/ui/editors/src/PropFactory.stories.tsx",
  "/Users/atanasster/component-controls/ui/editors/src/TextEditor/TextEditor.stories.tsx",
  "/Users/atanasster/component-controls/ui/components/src/ActionBar/ActionBar.stories.tsx",
  "/Users/atanasster/component-controls/ui/components/src/ActionContainer/ActionContainer.stories.tsx",
  "/Users/atanasster/component-controls/ui/components/src/BlockContainer/BlockContainer.stories.tsx",
  "/Users/atanasster/component-controls/ui/components/src/Collapsible/Collapsible.stories.tsx",
  "/Users/atanasster/component-controls/ui/components/src/ExternalLink/ExternalLink.stories.tsx",
  "/Users/atanasster/component-controls/ui/components/src/Markdown/Markdown.stories.tsx",
  "/Users/atanasster/component-controls/ui/components/src/PanelContainer/PanelContainer.stories.tsx",
  "/Users/atanasster/component-controls/ui/components/src/Popover/Popover.stories.tsx",
  "/Users/atanasster/component-controls/ui/components/src/Source/Source.stories.tsx",
  "/Users/atanasster/component-controls/ui/components/src/Subtitle/Subtitle.stories.tsx",
  "/Users/atanasster/component-controls/ui/components/src/SyntaxHighlighter/SyntaxHighlighter.stories.tsx",
  "/Users/atanasster/component-controls/ui/components/src/Table/Table.stories.tsx",
  "/Users/atanasster/component-controls/ui/components/src/Tabs/Tabs.stories.tsx",
  "/Users/atanasster/component-controls/ui/components/src/Tag/Tag.stories.tsx",
  "/Users/atanasster/component-controls/ui/components/src/Title/Title.stories.tsx",
  "/Users/atanasster/component-controls/ui/components/src/Toggle/Toggle.stories.tsx",
  "/Users/atanasster/component-controls/ui/components/src/Zoom/Zoom.stories.tsx",
  "/Users/atanasster/component-controls/ui/blocks/src/ComponentDeps/ComponentDeps.stories.tsx",
  "/Users/atanasster/component-controls/ui/blocks/src/ComponentSource/ComponentSource.stories.tsx",
  "/Users/atanasster/component-controls/ui/blocks/src/Description/Description.stories.tsx",
  "/Users/atanasster/component-controls/ui/blocks/src/PageContainer/PageContainer.stories.tsx",
  "/Users/atanasster/component-controls/ui/blocks/src/Playground/Playground.stories.tsx",
  "/Users/atanasster/component-controls/ui/blocks/src/PropsTable/PropsTable.stories.tsx",
  "/Users/atanasster/component-controls/ui/blocks/src/Stories/Stories.stories.tsx",
  "/Users/atanasster/component-controls/ui/blocks/src/Story/Story.stories.tsx",
  "/Users/atanasster/component-controls/ui/blocks/src/StoryConfig/StoryConfig.stories.tsx",
  "/Users/atanasster/component-controls/ui/blocks/src/StorySource/StorySource.stories.tsx",
  "/Users/atanasster/component-controls/ui/blocks/src/Subtitle/Subtitle.stories.tsx",
  "/Users/atanasster/component-controls/ui/blocks/src/Title/Title.stories.tsx",
  "/Users/atanasster/component-controls/examples/stories/src/stories/controls-editors-starter.stories.tsx",
  "/Users/atanasster/component-controls/examples/stories/src/stories/controls-editors.stories.jsx",
  "/Users/atanasster/component-controls/examples/stories/src/stories/inherit-from-doc.stories.tsx",
  "/Users/atanasster/component-controls/examples/stories/src/stories/smart-prop-type.stories.js",
  "/Users/atanasster/component-controls/examples/stories/src/stories/smart-typescript.stories.js",
  "/Users/atanasster/component-controls/examples/stories/src/stories/stories-csf.stories.js",
]
`;
